2026-07-12 12:28:39 0 [Note] Starting MariaDB 10.4.32-MariaDB source revision c4143f909528e3fab0677a28631d10389354c491 as process 10952
2026-07-12 12:28:39 0 [Note] InnoDB: The first innodb_system data file 'ibdata1' did not exist. A new tablespace will be created!
2026-07-12 12:28:39 0 [Note] InnoDB: Mutexes and rw_locks use Windows interlocked functions
2026-07-12 12:28:39 0 [Note] InnoDB: Uses event mutexes
2026-07-12 12:28:39 0 [Note] InnoDB: Compressed tables use zlib 1.3
2026-07-12 12:28:39 0 [Note] InnoDB: Number of pools: 1
2026-07-12 12:28:39 0 [Note] InnoDB: Using SSE2 crc32 instructions
2026-07-12 12:28:39 0 [Note] InnoDB: Initializing buffer pool, total size = 128M, instances = 1, chunk size = 128M
2026-07-12 12:28:39 0 [Note] InnoDB: Completed initialization of buffer pool
2026-07-12 12:28:39 0 [Note] InnoDB: Setting file '.\ibdata1' size to 12 MB. Physically writing the file full; Please wait ...
2026-07-12 12:28:39 0 [Note] InnoDB: File '.\ibdata1' size is now 12 MB.
2026-07-12 12:28:39 0 [Note] InnoDB: Setting log file .\ib_logfile101 size to 50331648 bytes
2026-07-12 12:28:39 0 [Note] InnoDB: Setting log file .\ib_logfile1 size to 50331648 bytes
2026-07-12 12:28:39 0 [Note] InnoDB: Renaming log file .\ib_logfile101 to .\ib_logfile0
2026-07-12 12:28:39 0 [Note] InnoDB: New log files created, LSN=11451
2026-07-12 12:28:39 0 [Note] InnoDB: Doublewrite buffer not found: creating new
2026-07-12 12:28:39 0 [Note] InnoDB: Doublewrite buffer created
2026-07-12 12:28:39 0 [Note] InnoDB: 128 out of 128 rollback segments are active.
2026-07-12 12:28:39 0 [Note] InnoDB: Creating foreign key constraint system tables.
2026-07-12 12:28:39 0 [Note] InnoDB: Creating tablespace and datafile system tables.
2026-07-12 12:28:39 0 [Note] InnoDB: Creating sys_virtual system tables.
2026-07-12 12:28:39 0 [Note] InnoDB: Creating shared tablespace for temporary tables
2026-07-12 12:28:39 0 [Note] InnoDB: Setting file '.\ibtmp1' size to 12 MB. Physically writing the file full; Please wait ...
2026-07-12 12:28:39 0 [Note] InnoDB: File '.\ibtmp1' size is now 12 MB.
2026-07-12 12:28:39 0 [Note] InnoDB: Waiting for purge to start
2026-07-12 12:28:39 0 [Note] InnoDB: 10.4.32 started; log sequence number 0; transaction id 7
2026-07-12 12:28:39 0 [Note] Plugin 'FEEDBACK' is disabled.
2026-07-12 12:28:58 0 [Note] Starting MariaDB 10.4.32-MariaDB source revision c4143f909528e3fab0677a28631d10389354c491 as process 29392
2026-07-12 12:28:58 0 [Note] InnoDB: Mutexes and rw_locks use Windows interlocked functions
2026-07-12 12:28:58 0 [Note] InnoDB: Uses event mutexes
2026-07-12 12:28:58 0 [Note] InnoDB: Compressed tables use zlib 1.3
2026-07-12 12:28:58 0 [Note] InnoDB: Number of pools: 1
2026-07-12 12:28:58 0 [Note] InnoDB: Using SSE2 crc32 instructions
2026-07-12 12:28:58 0 [Note] InnoDB: Initializing buffer pool, total size = 128M, instances = 1, chunk size = 128M
2026-07-12 12:28:58 0 [Note] InnoDB: Completed initialization of buffer pool
2026-07-12 12:28:58 0 [Note] InnoDB: 128 out of 128 rollback segments are active.
2026-07-12 12:28:58 0 [Note] InnoDB: Creating shared tablespace for temporary tables
2026-07-12 12:28:58 0 [Note] InnoDB: Setting file '.\ibtmp1' size to 12 MB. Physically writing the file full; Please wait ...
2026-07-12 12:28:58 0 [Note] InnoDB: File '.\ibtmp1' size is now 12 MB.
2026-07-12 12:28:58 0 [Note] InnoDB: Waiting for purge to start
2026-07-12 12:28:58 0 [Note] InnoDB: 10.4.32 started; log sequence number 60943; transaction id 20
2026-07-12 12:28:58 0 [Note] InnoDB: Loading buffer pool(s) from c:\Users\shahp\OneDrive\Desktop\ODOO_MAIN\Odoo-2026\assetflow\temp_db\ib_buffer_pool
2026-07-12 12:28:58 0 [Note] Plugin 'FEEDBACK' is disabled.
2026-07-12 12:28:58 0 [Note] Server socket created on IP: '::'.
2026-07-12 12:28:58 0 [Note] InnoDB: Buffer pool(s) load completed at 260712 12:28:58
2026-07-12 12:28:58 0 [Note] Reading of all Master_info entries succeeded
2026-07-12 12:28:58 0 [Note] Added new Master_info '' to hash table
2026-07-12 12:28:58 0 [Note] C:\xampp\mysql\bin\mysqld.exe: ready for connections.
Version: '10.4.32-MariaDB'  socket: ''  port: 3307  mariadb.org binary distribution
2026-07-12 12:30:16 10 [Warning] Aborted connection 10 to db: 'assetflow' user: 'root' host: 'localhost' (Got an error reading communication packets)
2026-07-12 12:30:18 11 [Warning] Aborted connection 11 to db: 'assetflow' user: 'root' host: 'localhost' (Got an error reading communication packets)
2026-07-12 12:30:26 12 [Warning] Aborted connection 12 to db: 'assetflow' user: 'root' host: 'localhost' (Got an error reading communication packets)
2026-07-12 12:38:13 13 [Warning] Aborted connection 13 to db: 'assetflow' user: 'root' host: 'localhost' (Got an error reading communication packets)
2026-07-12 12:38:22 14 [Warning] Aborted connection 14 to db: 'assetflow' user: 'root' host: 'localhost' (Got an error reading communication packets)
2026-07-12 12:42:04 15 [Warning] Aborted connection 15 to db: 'assetflow' user: 'root' host: 'localhost' (Got an error reading communication packets)
2026-07-12 12:43:23 17 [Warning] Aborted connection 17 to db: 'assetflow' user: 'root' host: 'localhost' (Got an error reading communication packets)
2026-07-12 12:43:23 16 [Warning] Aborted connection 16 to db: 'assetflow' user: 'root' host: 'localhost' (Got an error reading communication packets)
2026-07-12 12:45:11 18 [Warning] Aborted connection 18 to db: 'assetflow' user: 'root' host: 'localhost' (Got an error reading communication packets)
2026-07-12 12:45:11 19 [Warning] Aborted connection 19 to db: 'assetflow' user: 'root' host: 'localhost' (Got an error reading communication packets)
2026-07-12 12:45:11 21 [Warning] Aborted connection 21 to db: 'assetflow' user: 'root' host: 'localhost' (Got an error reading communication packets)
2026-07-12 12:45:11 20 [Warning] Aborted connection 20 to db: 'assetflow' user: 'root' host: 'localhost' (Got an error reading communication packets)
2026-07-12 12:52:15 22 [Warning] Aborted connection 22 to db: 'assetflow' user: 'root' host: 'localhost' (Got an error reading communication packets)
2026-07-12 12:52:15 23 [Warning] Aborted connection 23 to db: 'assetflow' user: 'root' host: 'localhost' (Got an error reading communication packets)
2026-07-12 12:52:15 24 [Warning] Aborted connection 24 to db: 'assetflow' user: 'root' host: 'localhost' (Got an error reading communication packets)
2026-07-12 12:54:36 25 [Warning] Aborted connection 25 to db: 'assetflow' user: 'root' host: 'localhost' (Got an error reading communication packets)
2026-07-12 12:57:36 27 [Warning] Aborted connection 27 to db: 'assetflow' user: 'root' host: 'localhost' (Got an error reading communication packets)
2026-07-12 12:58:58 28 [Warning] Aborted connection 28 to db: 'assetflow' user: 'root' host: 'localhost' (Got an error reading communication packets)
